// Jest Snapshot v1, https://goo.gl/fbAQLP

exports[`<Base /> should render 1`] = `
.c15 {
  font-size: 2.4rem;
}

.c11 {
  padding-top: 5.4rem;
}

.c4 {
  max-width: 120rem;
  margin: 0 auto;
  padding: 3.2rem;
}

.c7 {
  color: #0a1128;
  font-size: 2.4rem;
  text-transform: uppercase;
}

.c13 {
  color: #0a1128;
  font-size: 6.4rem;
  text-transform: uppercase;
}

.c18 {
  color: #0a1128;
  font-size: 3.2rem;
  text-transform: none;
}

.c20 {
  color: #ffffff;
  font-size: 6.4rem;
  text-transform: uppercase;
}

.c21 {
  color: #ffffff;
  font-size: 3.2rem;
  text-transform: none;
}

.c2 {
  position: fixed;
  z-index: 5;
  top: 0;
  left: 0;
  right: 0;
  width: 100%;
  border-bottom: #dddddd;
  background-color: #ffffff;
  -webkit-transition: all 300ms ease-in-out;
  transition: all 300ms ease-in-out;
}

.c2 > .c3 {
  padding-block: 0;
}

.c2 .c6 {
  margin-block: 0;
}

.c5 {
  display: -webkit-box;
  display: -webkit-flex;
  display: -ms-flexbox;
  display: flex;
  -webkit-box-pack: justify;
  -webkit-justify-content: space-between;
  -ms-flex-pack: justify;
  justify-content: space-between;
  -webkit-align-items: center;
  -webkit-box-align: center;
  -ms-flex-align: center;
  align-items: center;
}

.c0 {
  z-index: 6;
  position: fixed;
  top: 2rem;
  right: 2rem;
  width: 4rem;
  height: 4rem;
  background: #0a1128;
  color: #ffffff;
  border: none;
  display: none;
  cursor: pointer;
}

.c0 > svg {
  width: 2.5rem;
  height: 2.5rem;
}

.c8 {
  -webkit-text-decoration: none;
  text-decoration: none;
  color: inherit;
  display: -webkit-box;
  display: -webkit-flex;
  display: -ms-flexbox;
  display: flex;
  -webkit-align-items: center;
  -webkit-box-align: center;
  -ms-flex-align: center;
  align-items: center;
}

.c8 >img {
  max-height: 3rem;
}

.c9 {
  display: -webkit-box;
  display: -webkit-flex;
  display: -ms-flexbox;
  display: flex;
  -webkit-flex-flow: row wrap;
  -ms-flex-flow: row wrap;
  flex-flow: row wrap;
}

.c10 {
  font-size: 1.6rem;
  -webkit-text-decoration: none;
  text-decoration: none;
  display: block;
  padding: 1.6rem;
  color: #0a1128;
  position: relative;
}

.c10::after {
  content: "";
  position: absolute;
  bottom: 0.75rem;
  left: 50%;
  width: 0%;
  height: 0.2rem;
  background-color: #dc143c;
  -webkit-transition: all 300ms ease-in-out;
  transition: all 300ms ease-in-out;
}

.c10:hover::after {
  left: 25%;
  width: 50%;
}

.c1 {
  display: inline-block;
  vertical-align: middle;
  overflow: hidden;
}

.c22 {
  text-align: center;
  font-size: 1.6rem;
  border-top: .1rem solid #dddddd;
}

.c22 a {
  color: inherit;
  -webkit-text-decoration: none;
  text-decoration: none;
}

.c22 .c14 {
  font-size: 1.6rem;
}

.c22 .c3 {
  padding: 0;
}

.c23 {
  position: fixed;
  background: #0a1128;
  color: #ffffff;
  display: -webkit-box;
  display: -webkit-flex;
  display: -ms-flexbox;
  display: flex;
  -webkit-align-items: center;
  -webkit-box-align: center;
  -ms-flex-align: center;
  align-items: center;
  -webkit-box-pack: center;
  -webkit-justify-content: center;
  -ms-flex-pack: center;
  justify-content: center;
  height: 4rem;
  width: 4rem;
  bottom: 2rem;
  right: 2rem;
  z-index: 6;
  opacity: 0.8;
}

.c16 {
  counter-reset: grid-counter;
  display: grid;
  grid-template-columns: repeat(auto-fill,minmax(280px,1fr));
  gap: 3.2rem;
  overflow: hidden;
  width: 100%;
  margin-top: 3rem;
}

.c17 .c6 {
  position: relative;
  left: 5rem;
}

.c17 .c6::before {
  counter-increment: grid-counter;
  content: counter(grid-counter);
  position: absolute;
  font-size: 7rem;
  top: -3rem;
  left: -5rem;
  -webkit-transform: rotate(5deg);
  -ms-transform: rotate(5deg);
  transform: rotate(5deg);
}

.c12 {
  background: #ffffff;
  color: #0a1128;
  min-height: 100vh;
  display: -webkit-box;
  display: -webkit-flex;
  display: -ms-flexbox;
  display: flex;
  -webkit-align-items: center;
  -webkit-box-align: center;
  -ms-flex-align: center;
  align-items: center;
  -webkit-box-pack: center;
  -webkit-justify-content: center;
  -ms-flex-pack: center;
  justify-content: center;
}

.c19 {
  background: #ffffff;
  color: #0a1128;
  color: #ffffff;
  background: #0a1128;
  min-height: 100vh;
  display: -webkit-box;
  display: -webkit-flex;
  display: -ms-flexbox;
  display: flex;
  -webkit-align-items: center;
  -webkit-box-align: center;
  -ms-flex-align: center;
  align-items: center;
  -webkit-box-pack: center;
  -webkit-justify-content: center;
  -ms-flex-pack: center;
  justify-content: center;
}

@media (max-width:768px) {
  .c11 {
    padding-top: 0;
  }
}

@media (max-width:768px) {
  .c13 {
    font-size: 4.0rem;
  }
}

@media (max-width:768px) {
  .c20 {
    font-size: 4.0rem;
  }
}

@media (max-width:768px) {
  .c2 {
    height: 100vh;
    visibility: hidden;
    opacity: 0;
  }

  .c2 > .c3 {
    display: grid;
    grid-template-columns: 1fr;
    grid-template-rows: 1fr;
    height: 100vh;
    -webkit-align-items: center;
    -webkit-box-align: center;
    -ms-flex-align: center;
    align-items: center;
    overflow-y: auto;
  }

  .c2 .c6 {
    padding-bottom: 3.2rem;
    display: -webkit-box;
    display: -webkit-flex;
    display: -ms-flexbox;
    display: flex;
    -webkit-box-pack: center;
    -webkit-justify-content: center;
    -ms-flex-pack: center;
    justify-content: center;
  }
}

@media (max-width:768px) {
  .c5 {
    display: block;
    text-align: center;
    padding: 4.8rem 0;
  }
}

@media (max-width:768px) {
  .c0 {
    display: -webkit-box;
    display: -webkit-flex;
    display: -ms-flexbox;
    display: flex;
    -webkit-align-items: center;
    -webkit-box-align: center;
    -ms-flex-align: center;
    align-items: center;
    -webkit-box-pack: center;
    -webkit-justify-content: center;
    -ms-flex-pack: center;
    justify-content: center;
  }
}

@media ((max-width:768px)) {
  .c9 {
    -webkit-flex-flow: column wrap;
    -ms-flex-flow: column wrap;
    flex-flow: column wrap;
    -webkit-align-content: center;
    -ms-flex-line-pack: center;
    align-content: center;
  }
}

@media (max-width:768px) {
  .c16 {
    grid-template-columns: 1fr;
  }
}

<div>
  <div
    aria-label="Open/Close Menu"
    class="c0"
  >
    <svg
      aria-hidden="true"
      aria-label="Open Menu"
      class="c1"
      fill="currentColor"
      focusable="false"
      viewBox="0 0 24 24"
      xmlns="http://www.w3.org/2000/svg"
    >
      <path
        d="M3 18h18v-2H3v2zm0-5h18v-2H3v2zm0-7v2h18V6H3z"
      />
    </svg>
  </div>
  <div
    class="c2"
  >
    <div
      class="c3 c4"
    >
      <div
        class="c5"
      >
        <h1
          class="c6 c7"
        >
          <a
            class="c8"
            href="#"
          >
            logo
          </a>
        </h1>
        <nav
          aria-label="Main Menu"
          class="c9"
        >
          <a
            class="c10"
            href="target 1"
            target="_self"
          >
            link 1
          </a>
          <a
            class="c10"
            href="target 2"
            target="_self"
          >
            link 2
          </a>
          <a
            class="c10"
            href="target 3"
            target="_self"
          >
            link 3
          </a>
        </nav>
      </div>
    </div>
  </div>
  <div
    class="c11"
  >
    <div
      class="c12"
    >
      <div
        class="c3 c4"
      >
        <div
          class=""
        >
          <h2
            class="c6 c13"
          >
            My grid
          </h2>
          <div
            class="c14 c15"
          >
            Atque doloribus nobis laudantium esse ut, non commodi maxime distinctio veritatis unde
          </div>
          <div
            class="c16"
          >
            <div
              class="c17"
            >
              <h3
                class="c6 c18"
              >
                Teste 1
              </h3>
              <div
                class="c14 c15"
              >
                Lorem ipsum dolor sit, amet consectetur adipisicing elit. Debitis cum delectus molestias. Atque doloribus nobis laudantium esse ut, non commodi maxime distinctio veritatis unde, reprehenderit minus ad dolores provident maiores.
              </div>
            </div>
            <div
              class="c17"
            >
              <h3
                class="c6 c18"
              >
                Teste 2
              </h3>
              <div
                class="c14 c15"
              >
                Lorem ipsum dolor sit, amet consectetur adipisicing elit. Debitis cum delectus molestias. Atque doloribus nobis laudantium esse ut, non commodi maxime distinctio veritatis unde, reprehenderit minus ad dolores provident maiores.
              </div>
            </div>
            <div
              class="c17"
            >
              <h3
                class="c6 c18"
              >
                Teste 3
              </h3>
              <div
                class="c14 c15"
              >
                Lorem ipsum dolor sit, amet consectetur adipisicing elit. Debitis cum delectus molestias. Atque doloribus nobis laudantium esse ut, non commodi maxime distinctio veritatis unde, reprehenderit minus ad dolores provident maiores.
              </div>
            </div>
          </div>
        </div>
      </div>
    </div>
    <div
      class="c19"
    >
      <div
        class="c3 c4"
      >
        <div
          class=""
        >
          <h2
            class="c6 c20"
          >
            My grid
          </h2>
          <div
            class="c14 c15"
          >
            Atque doloribus nobis laudantium esse ut, non commodi maxime distinctio veritatis unde
          </div>
          <div
            class="c16"
          >
            <div
              class="c17"
            >
              <h3
                class="c6 c21"
              >
                Teste 1
              </h3>
              <div
                class="c14 c15"
              >
                Lorem ipsum dolor sit, amet consectetur adipisicing elit. Debitis cum delectus molestias. Atque doloribus nobis laudantium esse ut, non commodi maxime distinctio veritatis unde, reprehenderit minus ad dolores provident maiores.
              </div>
            </div>
            <div
              class="c17"
            >
              <h3
                class="c6 c21"
              >
                Teste 2
              </h3>
              <div
                class="c14 c15"
              >
                Lorem ipsum dolor sit, amet consectetur adipisicing elit. Debitis cum delectus molestias. Atque doloribus nobis laudantium esse ut, non commodi maxime distinctio veritatis unde, reprehenderit minus ad dolores provident maiores.
              </div>
            </div>
            <div
              class="c17"
            >
              <h3
                class="c6 c21"
              >
                Teste 3
              </h3>
              <div
                class="c14 c15"
              >
                Lorem ipsum dolor sit, amet consectetur adipisicing elit. Debitis cum delectus molestias. Atque doloribus nobis laudantium esse ut, non commodi maxime distinctio veritatis unde, reprehenderit minus ad dolores provident maiores.
              </div>
            </div>
          </div>
        </div>
      </div>
    </div>
    <div
      class="c12"
    >
      <div
        class="c3 c4"
      >
        <div
          class=""
        >
          <h2
            class="c6 c13"
          >
            My grid
          </h2>
          <div
            class="c14 c15"
          >
            Atque doloribus nobis laudantium esse ut, non commodi maxime distinctio veritatis unde
          </div>
          <div
            class="c16"
          >
            <div
              class="c17"
            >
              <h3
                class="c6 c18"
              >
                Teste 1
              </h3>
              <div
                class="c14 c15"
              >
                Lorem ipsum dolor sit, amet consectetur adipisicing elit. Debitis cum delectus molestias. Atque doloribus nobis laudantium esse ut, non commodi maxime distinctio veritatis unde, reprehenderit minus ad dolores provident maiores.
              </div>
            </div>
            <div
              class="c17"
            >
              <h3
                class="c6 c18"
              >
                Teste 2
              </h3>
              <div
                class="c14 c15"
              >
                Lorem ipsum dolor sit, amet consectetur adipisicing elit. Debitis cum delectus molestias. Atque doloribus nobis laudantium esse ut, non commodi maxime distinctio veritatis unde, reprehenderit minus ad dolores provident maiores.
              </div>
            </div>
            <div
              class="c17"
            >
              <h3
                class="c6 c18"
              >
                Teste 3
              </h3>
              <div
                class="c14 c15"
              >
                Lorem ipsum dolor sit, amet consectetur adipisicing elit. Debitis cum delectus molestias. Atque doloribus nobis laudantium esse ut, non commodi maxime distinctio veritatis unde, reprehenderit minus ad dolores provident maiores.
              </div>
            </div>
          </div>
        </div>
      </div>
    </div>
    <div
      class="c19"
    >
      <div
        class="c3 c4"
      >
        <div
          class=""
        >
          <h2
            class="c6 c20"
          >
            My grid
          </h2>
          <div
            class="c14 c15"
          >
            Atque doloribus nobis laudantium esse ut, non commodi maxime distinctio veritatis unde
          </div>
          <div
            class="c16"
          >
            <div
              class="c17"
            >
              <h3
                class="c6 c21"
              >
                Teste 1
              </h3>
              <div
                class="c14 c15"
              >
                Lorem ipsum dolor sit, amet consectetur adipisicing elit. Debitis cum delectus molestias. Atque doloribus nobis laudantium esse ut, non commodi maxime distinctio veritatis unde, reprehenderit minus ad dolores provident maiores.
              </div>
            </div>
            <div
              class="c17"
            >
              <h3
                class="c6 c21"
              >
                Teste 2
              </h3>
              <div
                class="c14 c15"
              >
                Lorem ipsum dolor sit, amet consectetur adipisicing elit. Debitis cum delectus molestias. Atque doloribus nobis laudantium esse ut, non commodi maxime distinctio veritatis unde, reprehenderit minus ad dolores provident maiores.
              </div>
            </div>
            <div
              class="c17"
            >
              <h3
                class="c6 c21"
              >
                Teste 3
              </h3>
              <div
                class="c14 c15"
              >
                Lorem ipsum dolor sit, amet consectetur adipisicing elit. Debitis cum delectus molestias. Atque doloribus nobis laudantium esse ut, non commodi maxime distinctio veritatis unde, reprehenderit minus ad dolores provident maiores.
              </div>
            </div>
          </div>
        </div>
      </div>
    </div>
    <footer
      class="c22"
    >
      <div
        class="c3 c4"
      >
        <div
          class="c14 c15"
        >
          <p>
            Sou um footer
          </p>
        </div>
      </div>
    </footer>
  </div>
  <a
    aria-label="Go to top"
    class="c23"
    href="#"
    title="Go to top"
  >
    <svg
      aria-hidden="true"
      class="c1"
      fill="currentColor"
      focusable="false"
      viewBox="0 0 24 24"
      xmlns="http://www.w3.org/2000/svg"
    >
      <path
        d="M7.41 15.41 12 10.83l4.59 4.58L18 14l-6-6-6 6 1.41 1.41z"
      />
    </svg>
  </a>
</div>
`;
